AR sumador_completo_4b funcional C:/Users/shogun/Documents/Tec/VHDL/sumador/sumador_completo_4b.vhd sub00/vhpl06 1475817211
EN sumador_completo_4bits NULL C:/Users/shogun/Documents/Tec/VHDL/sumador/sumador_completo_4bits.vhd sub00/vhpl04 1475814783
AR medio_sumador funcional C:/Users/shogun/Documents/Tec/VHDL/sumador/medio_sumador.vhd sub00/vhpl01 1475817207
EN sumador_completo_4b NULL C:/Users/shogun/Documents/Tec/VHDL/sumador/sumador_completo_4b.vhd sub00/vhpl05 1475817210
EN sumador_completo_1bit NULL C:/Users/shogun/Documents/Tec/VHDL/sumador/sumador_completo_1bit.vhd sub00/vhpl02 1475817208
EN medio_sumador NULL C:/Users/shogun/Documents/Tec/VHDL/sumador/medio_sumador.vhd sub00/vhpl00 1475817206
AR sumador_completo_1bit funcional C:/Users/shogun/Documents/Tec/VHDL/sumador/sumador_completo_1bit.vhd sub00/vhpl03 1475817209
